// Jest Snapshot v1, https://goo.gl/fbAQLP

exports[`urlGetterByPath should create url getter function for /users 1`] = `"getUsers = () => \`/users\`"`;

exports[`urlGetterByPath should create url getter function for /users/{userId} 1`] = `"getUsersByUserId = ({ userId }: Record<string, string | number>) => \`/users/\${userId}\`"`;

exports[`urlGetterByPath should create url getter function for /users/{userId}/groups/{groupId} 1`] = `"getUsersByUserIdGroupsByGroupId = ({ userId,groupId }: Record<string, string | number>) => \`/users/\${userId}/groups/\${groupId}\`"`;
